// Jest Snapshot v1, https://goo.gl/fbAQLP

exports[`Checkbox test cases Render check 1`] = `
<DocumentFragment>
  <label
    class="css-8cfq59"
  >
    <input
      id="prefix-fffffffbb47d08"
      type="checkbox"
    />
    <label
      class="css-5d4o2q"
      for="prefix-fffffffbb47d08"
    >
      🗸
    </label>
  </label>
</DocumentFragment>
`;
