// Jest Snapshot v1, https://goo.gl/fbAQLP

exports[`Login Page test cases Client validation check 1`] = `
<span
  class="css-1reg724"
  role="alert"
>
   
</span>
`;

exports[`Login Page test cases Client validation check 2`] = `
<span
  class="css-1reg724"
  role="alert"
>
   
</span>
`;

exports[`Login Page test cases Render check 1`] = `
<div>
  <form
    data-testid="loginForm"
    novalidate=""
  >
    <div
      class="css-gbwc6v"
    >
      <section
        class="css-1c469nw"
      >
        <h2>
          Login Page
        </h2>
        <label
          class="css-fjegpl"
          height="7"
          width="20"
        >
          <span
            class="css-1grri41"
          >
            Your username or email:
          </span>
          <div
            class="css-11gjszk"
          >
            <input
              class="css-1h6wv30"
              data-testid="loginIdentifier"
              name="identifier"
              placeholder="..."
            />
          </div>
          <span
            class="css-1reg724"
            role="alert"
          >
             
          </span>
        </label>
        <label
          class="css-fjegpl"
          height="7"
          width="20"
        >
          <span
            class="css-1grri41"
          >
            Your password:
          </span>
          <div
            class="css-11gjszk"
          >
            <input
              class="css-1h6wv30"
              data-testid="loginPassword"
              maxlength="10"
              minlength="8"
              name="password"
              placeholder="**********"
              type="password"
            />
          </div>
          <span
            class="css-1reg724"
            role="alert"
          >
             
          </span>
        </label>
        <button
          class="css-tp74ot"
          style="margin-top: 1rem;"
          type="submit"
        >
          Enter
        </button>
        <a
          class="css-1ghpz66"
          href="/registration"
          style="margin-top: 1rem; font-weight: bold;"
        >
          Create your account
        </a>
      </section>
    </div>
  </form>
</div>
`;
